 Patn   Pattern          Cycle  Load   Observe  Clocks
 num    type             count  count  proc     used
 -----  ---------------  -----  -----  -------  -----------------------
 0      basic_scan        1/0   1      -        -
 1      basic_scan        1/1   1      -        rst_n
 2      basic_scan        1/1   1      -        clk
 3      basic_scan        1/1   1      -        clk
 4      basic_scan        1/1   1      -        clk
 5      basic_scan        1/1   1      -        clk
 6      basic_scan        1/1   1      -        clk
 7      basic_scan        1/1   1      -        clk
 8      basic_scan        1/1   1      -        clk
 9      basic_scan        1/1   1      -        clk
 10     basic_scan        1/1   1      -        clk
 11     basic_scan        1/1   1      -        clk
 12     basic_scan        1/1   1      -        clk
 13     basic_scan        1/1   1      -        clk
 14     basic_scan        1/1   1      -        clk
 15     basic_scan        1/1   1      -        clk
 16     basic_scan        1/1   1      -        clk
 17     basic_scan        1/1   1      -        clk
 18     basic_scan        1/1   1      -        clk
 19     basic_scan        1/1   1      -        clk
 20     basic_scan        1/1   1      -        clk
 21     basic_scan        1/1   1      -        clk
 22     basic_scan        1/1   1      -        rst_n
 23     basic_scan        1/1   1      -        clk
 24     basic_scan        1/1   1      -        clk
 25     basic_scan        1/1   1      -        clk
 26     basic_scan        1/1   1      -        clk
 27     basic_scan        1/1   1      -        clk
 28     basic_scan        1/1   1      -        clk
 29     basic_scan        1/1   1      -        clk
 30     basic_scan        1/1   1      -        clk
 31     basic_scan        1/1   1      -        clk
